
> personal-portfolio-website@0.0.0 build
> vite build

vite v5.4.8 building for production...
transforming...
✓ 22 modules transformed.
x Build failed in 340ms
error during build:
[@tailwindcss/vite:generate:build] Cannot apply unknown utility class `shadow-[0_1px_2px_0_rgba(0,`
file: /home/abhishek/Workspace/Projects/Abhishek-Portfolio/src/styles/global.css
    at onInvalidCandidate (file:///home/abhishek/Workspace/Projects/Abhishek-Portfolio/node_modules/tailwindcss/dist/chunk-L5IEUH3R.mjs:21:1511)
    at $e (file:///home/abhishek/Workspace/Projects/Abhishek-Portfolio/node_modules/tailwindcss/dist/chunk-L5IEUH3R.mjs:16:36740)
    at file:///home/abhishek/Workspace/Projects/Abhishek-Portfolio/node_modules/tailwindcss/dist/chunk-L5IEUH3R.mjs:21:355
    at Ar (file:///home/abhishek/Workspace/Projects/Abhishek-Portfolio/node_modules/tailwindcss/dist/chunk-L5IEUH3R.mjs:3:1733)
    at I (file:///home/abhishek/Workspace/Projects/Abhishek-Portfolio/node_modules/tailwindcss/dist/chunk-L5IEUH3R.mjs:3:1377)
    at Ce (file:///home/abhishek/Workspace/Projects/Abhishek-Portfolio/node_modules/tailwindcss/dist/chunk-L5IEUH3R.mjs:21:172)
    at Gi (file:///home/abhishek/Workspace/Projects/Abhishek-Portfolio/node_modules/tailwindcss/dist/chunk-L5IEUH3R.mjs:38:294)
    at async ao (file:///home/abhishek/Workspace/Projects/Abhishek-Portfolio/node_modules/tailwindcss/dist/chunk-L5IEUH3R.mjs:38:631)
    at async vf (file:///home/abhishek/Workspace/Projects/Abhishek-Portfolio/node_modules/tailwindcss/dist/chunk-L5IEUH3R.mjs:38:1406)
    at async uu (file:///home/abhishek/Workspace/Projects/Abhishek-Portfolio/node_modules/@tailwindcss/node/dist/index.mjs:10:3458)
